---
source: spade-tests/src/const_generics.rs
assertion_line: 543
---
struct foo<#uint A> {
    bar: uint<{A / 0}>,
}

fn test() {
    let _ = foo::<2>(1);
}


error: Could not perform division during constraint evaluation
  ┌─ testinput:2:16
  │
2 │     bar: uint<{A / 0}>,
  │                ^^^^^ Division by zero
  ·
6 │     let _ = foo::<2>(1);
  │             ----------- The error occurred when unifying types here

error: Argument type mismatch. Expected uint<#any> got Number<#uint>
  ┌─ testinput:6:22
  │
6 │     let _ = foo::<2>(1);
  │                      ^ Expected uint<_>
  │
  = note: Expected: uint<_>
               Got: Number<_>
